
> the-build-bench@0.1.0 check:links
> node scripts/check-links.mjs

Checked 50/611 unique URLs…
Checked 100/611 unique URLs…
Checked 150/611 unique URLs…
Checked 200/611 unique URLs…
Checked 250/611 unique URLs…
Checked 300/611 unique URLs…
Checked 350/611 unique URLs…
Checked 400/611 unique URLs…
Checked 450/611 unique URLs…
Checked 500/611 unique URLs…
Checked 550/611 unique URLs…
Checked 600/611 unique URLs…
BROKEN https://autobe.dev (fetch failed) — wrtnlabs-autobe: officialUrl, wrtnlabs-autobe: sourceUrls
BROKEN https://github.com/wrtnlabs/autobe (HTTP 404) — wrtnlabs-autobe: repositoryUrl, wrtnlabs-autobe: sourceUrls
BROKEN https://github.com/wrtnlabs/autobe/blob/master/LICENSE (HTTP 404) — wrtnlabs-autobe: sourceUrls
BROKEN https://github.com/LockedinLabs-AI/agent-console (HTTP 404) — lockedinlabs-agent-console: officialUrl, lockedinlabs-agent-console: repositoryUrl, lockedinlabs-agent-console: sourceUrls
BROKEN https://github.com/LockedinLabs-AI/agent-console/blob/main/LICENSE (HTTP 404) — lockedinlabs-agent-console: sourceUrls
Link check failed: 5/611 unique URLs were unreachable.
